// Jest Snapshot v1, https://goo.gl/fbAQLP

exports[`App basic renders 1`] = `
<section>
  <Heading
    text="Hello, World!"
  />
</section>
`;
