// Jest Snapshot v1, https://goo.gl/fbAQLP

exports[`Heading basic renders 1`] = `
<h1>
  Foobar
</h1>
`;
